../Drivers/STM32F0xx_HAL_Driver/Src/stm32f0xx_hal_adc.c:406:19:HAL_ADC_Init	24	static
../Drivers/STM32F0xx_HAL_Driver/Src/stm32f0xx_hal_adc.c:648:19:HAL_ADC_DeInit	32	static
../Drivers/STM32F0xx_HAL_Driver/Src/stm32f0xx_hal_adc.c:774:13:HAL_ADC_MspInit	16	static
../Drivers/STM32F0xx_HAL_Driver/Src/stm32f0xx_hal_adc.c:789:13:HAL_ADC_MspDeInit	16	static
../Drivers/STM32F0xx_HAL_Driver/Src/stm32f0xx_hal_adc.c:1027:19:HAL_ADC_Start	32	static
../Drivers/STM32F0xx_HAL_Driver/Src/stm32f0xx_hal_adc.c:1092:19:HAL_ADC_Stop	32	static
../Drivers/STM32F0xx_HAL_Driver/Src/stm32f0xx_hal_adc.c:1146:19:HAL_ADC_PollForConversion	24	static
../Drivers/STM32F0xx_HAL_Driver/Src/stm32f0xx_hal_adc.c:1270:19:HAL_ADC_PollForEvent	32	static
../Drivers/STM32F0xx_HAL_Driver/Src/stm32f0xx_hal_adc.c:1350:19:HAL_ADC_Start_IT	32	static
../Drivers/STM32F0xx_HAL_Driver/Src/stm32f0xx_hal_adc.c:1431:19:HAL_ADC_Stop_IT	32	static
../Drivers/STM32F0xx_HAL_Driver/Src/stm32f0xx_hal_adc.c:1484:19:HAL_ADC_Start_DMA	40	static
../Drivers/STM32F0xx_HAL_Driver/Src/stm32f0xx_hal_adc.c:1573:19:HAL_ADC_Stop_DMA	32	static
../Drivers/STM32F0xx_HAL_Driver/Src/stm32f0xx_hal_adc.c:1658:10:HAL_ADC_GetValue	16	static
../Drivers/STM32F0xx_HAL_Driver/Src/stm32f0xx_hal_adc.c:1675:6:HAL_ADC_IRQHandler	16	static
../Drivers/STM32F0xx_HAL_Driver/Src/stm32f0xx_hal_adc.c:1800:13:HAL_ADC_ConvCpltCallback	16	static
../Drivers/STM32F0xx_HAL_Driver/Src/stm32f0xx_hal_adc.c:1815:13:HAL_ADC_ConvHalfCpltCallback	16	static
../Drivers/STM32F0xx_HAL_Driver/Src/stm32f0xx_hal_adc.c:1830:13:HAL_ADC_LevelOutOfWindowCallback	16	static
../Drivers/STM32F0xx_HAL_Driver/Src/stm32f0xx_hal_adc.c:1846:13:HAL_ADC_ErrorCallback	16	static
../Drivers/STM32F0xx_HAL_Driver/Src/stm32f0xx_hal_adc.c:1900:19:HAL_ADC_ConfigChannel	24	static
../Drivers/STM32F0xx_HAL_Driver/Src/stm32f0xx_hal_adc.c:2033:19:HAL_ADC_AnalogWDGConfig	32	static
../Drivers/STM32F0xx_HAL_Driver/Src/stm32f0xx_hal_adc.c:2155:10:HAL_ADC_GetState	16	static
../Drivers/STM32F0xx_HAL_Driver/Src/stm32f0xx_hal_adc.c:2169:10:HAL_ADC_GetError	16	static
../Drivers/STM32F0xx_HAL_Driver/Src/stm32f0xx_hal_adc.c:2199:26:ADC_Enable	24	static
../Drivers/STM32F0xx_HAL_Driver/Src/stm32f0xx_hal_adc.c:2267:26:ADC_Disable	24	static
../Drivers/STM32F0xx_HAL_Driver/Src/stm32f0xx_hal_adc.c:2328:26:ADC_ConversionStop	24	static
../Drivers/STM32F0xx_HAL_Driver/Src/stm32f0xx_hal_adc.c:2382:13:ADC_DMAConvCplt	24	static
../Drivers/STM32F0xx_HAL_Driver/Src/stm32f0xx_hal_adc.c:2447:13:ADC_DMAHalfConvCplt	24	static
../Drivers/STM32F0xx_HAL_Driver/Src/stm32f0xx_hal_adc.c:2465:13:ADC_DMAError	24	static
