../Drivers/STM32F0xx_HAL_Driver/Src/stm32f0xx_hal_rcc.c:210:19:HAL_RCC_DeInit	16	static
../Drivers/STM32F0xx_HAL_Driver/Src/stm32f0xx_hal_rcc.c:300:19:HAL_RCC_OscConfig	40	static
../Drivers/STM32F0xx_HAL_Driver/Src/stm32f0xx_hal_rcc.c:779:19:HAL_RCC_ClockConfig	24	static
../Drivers/STM32F0xx_HAL_Driver/Src/stm32f0xx_hal_rcc.c:1018:6:HAL_RCC_MCOConfig	48	static
../Drivers/STM32F0xx_HAL_Driver/Src/stm32f0xx_hal_rcc.c:1052:6:HAL_RCC_EnableCSS	8	static
../Drivers/STM32F0xx_HAL_Driver/Src/stm32f0xx_hal_rcc.c:1061:6:HAL_RCC_DisableCSS	8	static
../Drivers/STM32F0xx_HAL_Driver/Src/stm32f0xx_hal_rcc.c:1097:10:HAL_RCC_GetSysClockFreq	72	static
../Drivers/STM32F0xx_HAL_Driver/Src/stm32f0xx_hal_rcc.c:1172:10:HAL_RCC_GetHCLKFreq	8	static
../Drivers/STM32F0xx_HAL_Driver/Src/stm32f0xx_hal_rcc.c:1183:10:HAL_RCC_GetPCLK1Freq	8	static
../Drivers/STM32F0xx_HAL_Driver/Src/stm32f0xx_hal_rcc.c:1196:6:HAL_RCC_GetOscConfig	16	static
../Drivers/STM32F0xx_HAL_Driver/Src/stm32f0xx_hal_rcc.c:1298:6:HAL_RCC_GetClockConfig	16	static
../Drivers/STM32F0xx_HAL_Driver/Src/stm32f0xx_hal_rcc.c:1324:6:HAL_RCC_NMI_IRQHandler	8	static
../Drivers/STM32F0xx_HAL_Driver/Src/stm32f0xx_hal_rcc.c:1341:13:HAL_RCC_CSSCallback	8	static
